0 verbose cli /opt/homebrew/Cellar/node/25.5.0/bin/node /opt/homebrew/bin/npm
1 info using npm@11.8.0
2 info using node@v25.5.0
3 silly config load:file:/opt/homebrew/lib/node_modules/npm/npmrc
4 silly config load:file:/Users/kimhyun/project/.npmrc
5 silly config load:file:/Users/kimhyun/project/seanoffice_new/.npmrc
6 silly config load:file:/opt/homebrew/etc/npmrc
7 verbose title npm init
8 verbose argv "init" "--yes"
9 verbose logfile logs-max:10 dir:/Users/kimhyun/project/seanoffice_new/.npm/_logs/2026-02-09T17_04_08_397Z-
10 verbose logfile /Users/kimhyun/project/seanoffice_new/.npm/_logs/2026-02-09T17_04_08_397Z-debug-0.log
11 silly logfile done cleaning log files
12 silly package data {
12 silly package data   name: 'sean_local',
12 silly package data   version: '1.0.0',
12 silly package data   description: '',
12 silly package data   main: 'index.js',
12 silly package data   scripts: { test: 'echo "Error: no test specified" && exit 1' },
12 silly package data   keywords: [],
12 silly package data   author: '',
12 silly package data   license: 'ISC',
12 silly package data   type: 'commonjs'
12 silly package data }
13 verbose cwd /Users/kimhyun/project/seanoffice_new/project/sean_local
14 verbose os Darwin 25.0.0
15 verbose node v25.5.0
16 verbose npm  v11.8.0
17 verbose exit 0
18 info ok
